// Jest Snapshot v1, https://goo.gl/fbAQLP

exports[`renders CategoryFilter component 1`] = `
<div
  className="filtercat"
>
  <p>
    <label
      htmlFor="cat"
    >
      Choose
      <select
        className="form-control"
        id="cat"
        onChange={[Function]}
      >
        <option>
          CATEGORIES
        </option>
        <option>
          All
        </option>
        <option>
          Beef
        </option>
        <option>
          Chicken
        </option>
        <option>
          Dessert
        </option>
        <option>
          Pasta
        </option>
        <option>
          Pork
        </option>
        <option>
          Seafood
        </option>
        <option>
          Vegan
        </option>
        <option>
          Breakfast
        </option>
      </select>
    </label>
  </p>
</div>
`;
